// Jest Snapshot v1, https://goo.gl/fbAQLP

exports[`Works with namespaces 1`] = `Array []`;
