// Jest Snapshot v1, https://goo.gl/fbAQLP

exports[`Works fine with ES6 code 1`] = `Array []`;
