// Jest Snapshot v1, https://goo.gl/fbAQLP

exports[`Succeeds with babel 1`] = `
Object {
  "status": 0,
  "stderr": "PASS src/__tests__/math.js
  ✓ adds two numbers (__ms)

Test Suites: 1 passed, 1 total
Tests:       1 passed, 1 total
Snapshots:   0 total
Time:        _____s
Ran all test suites.
",
  "stdout": "
[__:__:__] Starting Crafty __version__...
",
}
`;

exports[`Succeeds with typescript 1`] = `
Object {
  "status": 0,
  "stderr": "PASS src/__tests__/math.ts
  ✓ adds two numbers (__ms)

Test Suites: 1 passed, 1 total
Tests:       1 passed, 1 total
Snapshots:   0 total
Time:        _____s
Ran all test suites.
",
  "stdout": "
[__:__:__] Starting Crafty __version__...
",
}
`;

exports[`Succeeds without transpiling 1`] = `
Object {
  "status": 0,
  "stderr": "PASS src/__tests__/math.js
  ✓ adds two numbers (__ms)

Test Suites: 1 passed, 1 total
Tests:       1 passed, 1 total
Snapshots:   0 total
Time:        _____s
Ran all test suites.
",
  "stdout": "
[__:__:__] Starting Crafty __version__...
",
}
`;
